Microchip MPLAB XC8 Compiler V2.50

Linker command line:

-W-3 \
  --edf=C:\Program Files\Microchip\xc8\v2.50\pic\dat\20240725155939_en.msgs \
  -pivt0x8=08h -cn -h+dist/default/debug\TimerBlink.X.debug.sym \
  --cmf=dist/default/debug\TimerBlink.X.debug.cmf -z -Q18F57Q43 \
  -oC:\Users\Mo\AppData\Local\Temp\xcAs16ho.\driver_tmp_3.o \
  --defsym=__MPLAB_BUILD=1 --fixupoverflow=error \
  -Mdist/default/debug/TimerBlink.X.debug.map \
  --md=C:\Users\Mo\AppData\Local\Temp\xcAs16ho.\driver_tmp_0.dat -E1 \
  -ver=XC8 Compiler --acfsm=1493 -ACODE=00h-01FFFFh -ACONST=00h-01FFFFh \
  -ASMALLCONST=02600h-026FFhx474 \
  -AMEDIUMCONST=02600h-0FFFFh,012600h-01FFFFh -ACOMRAM=0501h-055Fh \
  -AABS1=0500h-024FFh -ABIGRAM=0501h-024FFh \
  -ARAM=0560h-05FFh,0600h-06FFhx31 -ABANK5=0560h-05FFh -ABANK6=0600h-06FFh \
  -ABANK7=0700h-07FFh -ABANK8=0800h-08FFh -ABANK9=0900h-09FFh \
  -ABANK10=0A00h-0AFFh -ABANK11=0B00h-0BFFh -ABANK12=0C00h-0CFFh \
  -ABANK13=0D00h-0DFFh -ABANK14=0E00h-0EFFh -ABANK15=0F00h-0FFFh \
  -ABANK16=01000h-010FFh -ABANK17=01100h-011FFh -ABANK18=01200h-012FFh \
  -ABANK19=01300h-013FFh -ABANK20=01400h-014FFh -ABANK21=01500h-015FFh \
  -ABANK22=01600h-016FFh -ABANK23=01700h-017FFh -ABANK24=01800h-018FFh \
  -ABANK25=01900h-019FFh -ABANK26=01A00h-01AFFh -ABANK27=01B00h-01BFFh \
  -ABANK28=01C00h-01CFFh -ABANK29=01D00h-01DFFh -ABANK30=01E00h-01EFFh \
  -ABANK31=01F00h-01FFFh -ABANK32=02000h-020FFh -ABANK33=02100h-021FFh \
  -ABANK34=02200h-022FFh -ABANK35=02300h-023FFh -ABANK36=02400h-024FFh \
  -ASFR=00h-0FFhx4,0400h-045Fh,0460h-04FFh,02500h-025FFh \
  -ABIGSFR=00h-04FFh,02500h-025FFh -ACONFIG=0300000h-0300011h \
  -AIDLOC=0200000h-020003Fh -AEEDATA=0380000h-03803FFh -peeprom_data=EEDATA \
  -preset_vec=00h -ppowerup=CODE,init -pramtop=02600h \
  -psmallconst=SMALLCONST -pmediumconst=MEDIUMCONST -pconst=CONST \
  -AFARRAM=00h-00h \
  -prdata=COMRAM,nvrram=COMRAM,nvbit=COMRAM,rbss=COMRAM,rbit=COMRAM \
  -pfarbss=FARRAM,fardata=FARRAM,nvFARRAM=FARRAM \
  -pintsave_regs=BIGRAM,bigbss=BIGRAM,bigdata=BIGRAM -pbss=RAM \
  -pidata=CODE,irdata=CODE,ibigdata=CODE,ifardata=CODE -prparam=COMRAM \
  C:\Users\Mo\AppData\Local\Temp\xcAs16ho.\driver_tmp_9.o \
  dist/default/debug\TimerBlink.X.debug.o 

Object code version is 3.11

Machine type is 18F57Q43



                Name                               Link     Load   Length Selector   Space Scale
C:\Users\Mo\AppData\Local\Temp\xcAs16ho.\driver_tmp_9.o
                init                                102      102        4        4       0
                reset_vec                             0        0        4        0       0
dist/default/debug\TimerBlink.X.debug.o
                smallconst                         2600     2600        2     1300       0
                ivt0x8                                8        8       FA        4       0
                text6                              2602     2602       34     1301       0
                text5                              2658     2658       22     1301       0
                text4                              26A6     26A6       14     1301       0
                text3                              26BA     26BA        8     1301       0
                text2                              2636     2636       22     1301       0
                text1                              26C2     26C2        6     1301       0
                text0                              267A     267A       18     1301       0
                cstackCOMRAM                        501      501        1      501       1
                cinit                              2692     2692       14     1301       0

TOTAL           Name                               Link     Load   Length     Space
        CLASS   CODE           
                init                                102      102        4         0
                reset_vec                             0        0        4         0
                ivt0x8                                8        8       FA         0
                text6                              2602     2602       34         0
                text5                              2658     2658       22         0
                text4                              26A6     26A6       14         0
                text3                              26BA     26BA        8         0
                text2                              2636     2636       22         0
                text1                              26C2     26C2        6         0
                text0                              267A     267A       18         0
                cinit                              2692     2692       14         0

        CLASS   CONST          

        CLASS   SMALLCONST     
                smallconst                         2600     2600        2         0

        CLASS   MEDIUMCONST    

        CLASS   COMRAM         
                cstackCOMRAM                        501      501        1         1

        CLASS   ABS1           

        CLASS   BIGRAM         

        CLASS   RAM            

        CLASS   BANK5          

        CLASS   BANK6          

        CLASS   BANK7          

        CLASS   BANK8          

        CLASS   BANK9          

        CLASS   BANK10         

        CLASS   BANK11         

        CLASS   BANK12         

        CLASS   BANK13         

        CLASS   BANK14         

        CLASS   BANK15         

        CLASS   BANK16         

        CLASS   BANK17         

        CLASS   BANK18         

        CLASS   BANK19         

        CLASS   BANK20         

        CLASS   BANK21         

        CLASS   BANK22         

        CLASS   BANK23         

        CLASS   BANK24         

        CLASS   BANK25         

        CLASS   BANK26         

        CLASS   BANK27         

        CLASS   BANK28         

        CLASS   BANK29         

        CLASS   BANK30         

        CLASS   BANK31         

        CLASS   BANK32         

        CLASS   BANK33         

        CLASS   BANK34         

        CLASS   BANK35         

        CLASS   BANK36         

        CLASS   SFR            

        CLASS   BIGSFR         

        CLASS   CONFIG         

        CLASS   IDLOC          

        CLASS   EEDATA         

        CLASS   FARRAM         

        CLASS   HEAP           

        CLASS   STACK          



SEGMENTS        Name                           Load    Length   Top    Selector   Space  Class

                reset_vec                      000000  000004  000004         0       0  CODE    
                ivt0x8                         000008  0000FE  000106         4       0  CODE    
                cstackCOMRAM                   000501  000001  000502       501       1  COMRAM  
                smallconst                     002600  000002  002602      1300       0  SMALLCON
                text6                          002602  0000C6  0026C8      1301       0  CODE    


UNUSED ADDRESS RANGES

        Name                Unused          Largest block    Delta
        BANK10           0A00-0AFF            100
        BANK11           0B00-0BFF            100
        BANK12           0C00-0CFF            100
        BANK13           0D00-0DFF            100
        BANK14           0E00-0EFF            100
        BANK15           0F00-0FFF            100
        BANK16           1000-10FF            100
        BANK17           1100-11FF            100
        BANK18           1200-12FF            100
        BANK19           1300-13FF            100
        BANK20           1400-14FF            100
        BANK21           1500-15FF            100
        BANK22           1600-16FF            100
        BANK23           1700-17FF            100
        BANK24           1800-18FF            100
        BANK25           1900-19FF            100
        BANK26           1A00-1AFF            100
        BANK27           1B00-1BFF            100
        BANK28           1C00-1CFF            100
        BANK29           1D00-1DFF            100
        BANK30           1E00-1EFF            100
        BANK31           1F00-1FFF            100
        BANK32           2000-20FF            100
        BANK33           2100-21FF            100
        BANK34           2200-22FF            100
        BANK35           2300-23FF            100
        BANK36           2400-24FF            100
        BANK5            0560-05FF             A0
        BANK6            0600-06FF            100
        BANK7            0700-07FF            100
        BANK8            0800-08FF            100
        BANK9            0900-09FF            100
        BIGRAM           0502-24FF           1FFE
        BIGSFR           0000-04FF            500
                         2500-25FF            100
        CODE             0004-0007              4
                         0106-25FF           24FA
                         26C8-1FFFF          1D938
        COMRAM           0502-055F             5E
        CONFIG           300000-300011             12
        CONST            0004-0007              4
                         0106-25FF           24FA
                         26C8-1FFFF          1D938
        EEDATA           380000-3803FF            400
        IDLOC            200000-20003F             40
        MEDIUMCONST      26C8-FFFF           D938
                         12600-1FFFF           DA00
        RAM              0560-24FF            100
        SFR              0000-04FF            100
                         2500-25FF            100
        SMALLCONST       26C8-1FFFF            100

                                  Symbol Table

IVTBASEH                      (abs)        045E
IVTBASEL                      (abs)        045D
IVTBASEU                      (abs)        045F
_ACTCON                       (abs)        00AC
_ANSELFbits                   (abs)        0428
_CLOCK_Initialize             text4        26A6
_DEFAULT_ISR                  text5        2658
_INTCON0bits                  (abs)        04D6
_INTERRUPT_Initialize         text3        26BA
_IPR3bits                     (abs)        0365
_LATFbits                     (abs)        04C3
_OSCCON1                      (abs)        00AD
_OSCCON3                      (abs)        00AF
_OSCEN                        (abs)        00B3
_OSCFRQ                       (abs)        00B1
_OSCTUNE                      (abs)        00B0
_PIE3bits                     (abs)        04A1
_PIR3bits                     (abs)        04B1
_T0CON0                       (abs)        031A
_T0CON0bits                   (abs)        031A
_T0CON1                       (abs)        031B
_TMR0H                        (abs)        0319
_TMR0L                        (abs)        0318
_TRISFbits                    (abs)        04CB
__HRAM                        (abs)        0000
__H__absolute__               __absolute__ 0000
__Habs1                       abs1         0000
__Hbank10                     bank10       0000
__Hbank11                     bank11       0000
__Hbank12                     bank12       0000
__Hbank13                     bank13       0000
__Hbank14                     bank14       0000
__Hbank15                     bank15       0000
__Hbank16                     bank16       0000
__Hbank17                     bank17       0000
__Hbank18                     bank18       0000
__Hbank19                     bank19       0000
__Hbank20                     bank20       0000
__Hbank21                     bank21       0000
__Hbank22                     bank22       0000
__Hbank23                     bank23       0000
__Hbank24                     bank24       0000
__Hbank25                     bank25       0000
__Hbank26                     bank26       0000
__Hbank27                     bank27       0000
__Hbank28                     bank28       0000
__Hbank29                     bank29       0000
__Hbank30                     bank30       0000
__Hbank31                     bank31       0000
__Hbank32                     bank32       0000
__Hbank33                     bank33       0000
__Hbank34                     bank34       0000
__Hbank35                     bank35       0000
__Hbank36                     bank36       0000
__Hbank5                      bank5        0000
__Hbank6                      bank6        0000
__Hbank7                      bank7        0000
__Hbank8                      bank8        0000
__Hbank9                      bank9        0000
__Hbigbss                     bigbss       0000
__Hbigdata                    bigdata      0000
__Hbigram                     bigram       0000
__Hbigsfr                     bigsfr       0000
__Hbss                        bss          0000
__Hcinit                      cinit        0000
__Hclrtext                    clrtext      0000
__Hcomram                     comram       0000
__Hconfig                     config       0000
__Hconst                      const        0000
__HcstackCOMRAM               cstackCOMRAM 0000
__Hdata                       data         0000
__Heeprom_data                eeprom_data  0000
__Hfarbss                     farbss       0000
__Hfardata                    fardata      0000
__Hheap                       heap         0000
__Hibigdata                   ibigdata     0000
__Hidata                      idata        0000
__Hidloc                      idloc        0000
__Hifardata                   ifardata     0000
__Hinit                       init         0106
__Hintsave_regs               intsave_regs 0000
__Hirdata                     irdata       0000
__Hivt0x8                     ivt0x8       0102
__Hmediumconst                mediumconst  0000
__HnvFARRAM                   nvFARRAM     0000
__Hnvbit                      nvbit        0000
__Hnvrram                     nvrram       0000
__Hparam                      rparam       0000
__Hpowerup                    powerup      0000
__Hram                        ram          0000
__Hramtop                     ramtop       2600
__Hrbit                       rbit         0000
__Hrbss                       rbss         0000
__Hrdata                      rdata        0000
__Hreset_vec                  reset_vec    0004
__Hrparam                     rparam       0000
__Hsfr                        sfr          0000
__Hsmallconst                 smallconst   2602
__Hspace_0                    (abs)        26C8
__Hspace_1                    (abs)        0502
__Hspace_2                    (abs)        0000
__Hspace_4                    (abs)        0000
__Hstack                      stack        0000
__Hstruct                     struct       0000
__Htemp                       temp         0000
__Htext                       text         0000
__Htext0                      text0        0000
__Htext1                      text1        0000
__Htext2                      text2        0000
__Htext3                      text3        0000
__Htext4                      text4        0000
__Htext5                      text5        0000
__Htext6                      text6        0000
__LRAM                        (abs)        0001
__L__absolute__               __absolute__ 0000
__Labs1                       abs1         0000
__Lbank10                     bank10       0000
__Lbank11                     bank11       0000
__Lbank12                     bank12       0000
__Lbank13                     bank13       0000
__Lbank14                     bank14       0000
__Lbank15                     bank15       0000
__Lbank16                     bank16       0000
__Lbank17                     bank17       0000
__Lbank18                     bank18       0000
__Lbank19                     bank19       0000
__Lbank20                     bank20       0000
__Lbank21                     bank21       0000
__Lbank22                     bank22       0000
__Lbank23                     bank23       0000
__Lbank24                     bank24       0000
__Lbank25                     bank25       0000
__Lbank26                     bank26       0000
__Lbank27                     bank27       0000
__Lbank28                     bank28       0000
__Lbank29                     bank29       0000
__Lbank30                     bank30       0000
__Lbank31                     bank31       0000
__Lbank32                     bank32       0000
__Lbank33                     bank33       0000
__Lbank34                     bank34       0000
__Lbank35                     bank35       0000
__Lbank36                     bank36       0000
__Lbank5                      bank5        0000
__Lbank6                      bank6        0000
__Lbank7                      bank7        0000
__Lbank8                      bank8        0000
__Lbank9                      bank9        0000
__Lbigbss                     bigbss       0000
__Lbigdata                    bigdata      0000
__Lbigram                     bigram       0000
__Lbigsfr                     bigsfr       0000
__Lbss                        bss          0000
__Lcinit                      cinit        0000
__Lclrtext                    clrtext      0000
__Lcomram                     comram       0000
__Lconfig                     config       0000
__Lconst                      const        0000
__LcstackCOMRAM               cstackCOMRAM 0000
__Ldata                       data         0000
__Leeprom_data                eeprom_data  0000
__Lfarbss                     farbss       0000
__Lfardata                    fardata      0000
__Lheap                       heap         0000
__Libigdata                   ibigdata     0000
__Lidata                      idata        0000
__Lidloc                      idloc        0000
__Lifardata                   ifardata     0000
__Linit                       init         0102
__Lintsave_regs               intsave_regs 0000
__Lirdata                     irdata       0000
__Livt0x8                     ivt0x8       0008
__Lmediumconst                mediumconst  0000
__LnvFARRAM                   nvFARRAM     0000
__Lnvbit                      nvbit        0000
__Lnvrram                     nvrram       0000
__Lparam                      rparam       0000
__Lpowerup                    powerup      0000
__Lram                        ram          0000
__Lramtop                     ramtop       2600
__Lrbit                       rbit         0000
__Lrbss                       rbss         0000
__Lrdata                      rdata        0000
__Lreset_vec                  reset_vec    0000
__Lrparam                     rparam       0000
__Lsfr                        sfr          0000
__Lsmallconst                 smallconst   2600
__Lspace_0                    (abs)        0000
__Lspace_1                    (abs)        0000
__Lspace_2                    (abs)        0000
__Lspace_4                    (abs)        0000
__Lstack                      stack        0000
__Lstruct                     struct       0000
__Ltemp                       temp         0000
__Ltext                       text         0000
__Ltext0                      text0        0000
__Ltext1                      text1        0000
__Ltext2                      text2        0000
__Ltext3                      text3        0000
__Ltext4                      text4        0000
__Ltext5                      text5        0000
__Ltext6                      text6        0000
__S0                          (abs)        26C8
__S1                          (abs)        0502
__S4                          (abs)        0000
__S5                          (abs)        0000
___heap_hi                    (abs)        0000
___heap_lo                    (abs)        0000
___inthi_sp                   stack        0000
___inthi_stack_hi             stack        0000
___inthi_stack_lo             stack        0000
___intlo_sp                   stack        0000
___intlo_stack_hi             stack        0000
___intlo_stack_lo             stack        0000
___param_bank                 (abs)        0000
___rparam_used                (abs)        0001
___sp                         stack        0000
___stack_hi                   stack        0000
___stack_lo                   stack        0000
__accesstop                   (abs)        0560
__activetblptr                (abs)        0000
__end_of_CLOCK_Initialize     text4        26BA
__end_of_DEFAULT_ISR          text5        267A
__end_of_INTERRUPT_Initialize text3        26C2
__end_of__initialization      cinit        26A0
__end_of_main                 text0        2692
__end_of_timer0_ISR           text6        2636
__end_of_timer0_init          text2        2658
__end_of_timer0_start         text1        26C8
__initialization              cinit        2692
__mediumconst                 mediumconst  0000
__pcinit                      cinit        2692
__pcstackCOMRAM               cstackCOMRAM 0501
__pivt0x8                     ivt0x8       0008
__psmallconst                 smallconst   2600
__ptext0                      text0        267A
__ptext1                      text1        26C2
__ptext2                      text2        2636
__ptext3                      text3        26BA
__ptext4                      text4        26A6
__ptext5                      text5        2658
__ptext6                      text6        2602
__ramtop                      ramtop       2600
__smallconst                  smallconst   2600
_main                         text0        267A
_timer0_ISR                   text6        2602
_timer0_init                  text2        2636
_timer0_start                 text1        26C2
end_of_initialization         cinit        26A0
intlevel0                     text         0000
intlevel1                     text         0000
intlevel2                     text         0000
intlevel3                     text         0000
isa$std                       (abs)        0001
isa$xinst                     (abs)        0000
ivt0x8_base                   ivt0x8       0008
ivt0x8_undefint               ivt0x8       0100
stackhi                       (abs)        0000
stacklo                       (abs)        0000
start                         init         0102
start_initialization          cinit        2692


MODULE INFORMATION

Module		Function		Class		Link	Load	Size
shared
		__initialization		CODE           	2692	0000	14

shared estimated size: 14

main.c
		_main          		CODE           	267A	0000	24
		_INTERRUPT_Initialize		CODE           	26BA	0000	8
		_timer0_ISR    		CODE           	2602	0000	52
		_timer0_init   		CODE           	2636	0000	34
		_DEFAULT_ISR   		CODE           	2658	0000	34
		_timer0_start  		CODE           	26C2	0000	6
		_CLOCK_Initialize		CODE           	26A6	0000	20

main.c estimated size: 178

