Microchip MPLAB XC8 Compiler V2.50

Linker command line:

-W-3 \
  --edf=C:\Program Files\Microchip\xc8\v2.50\pic\dat\20240725155939_en.msgs \
  -pivt0x8=08h -cn -h+dist/default/production\pwmblink.X.production.sym \
  --cmf=dist/default/production\pwmblink.X.production.cmf -z -Q18F57Q43 \
  -oC:\Users\Mo\AppData\Local\Temp\xcAshnc.\driver_tmp_3.o \
  --defsym=__MPLAB_BUILD=1 --fixupoverflow=error \
  -Mdist/default/production/pwmblink.X.production.map \
  --md=C:\Users\Mo\AppData\Local\Temp\xcAshnc.\driver_tmp_0.dat -E1 \
  -ver=XC8 Compiler --acfsm=1493 -ACODE=00h-01FFFFh -ACONST=00h-01FFFFh \
  -ASMALLCONST=02600h-026FFhx474 \
  -AMEDIUMCONST=02600h-0FFFFh,012600h-01FFFFh -ACOMRAM=0501h-055Fh \
  -AABS1=0500h-024FFh -ABIGRAM=0501h-024FFh \
  -ARAM=0560h-05FFh,0600h-06FFhx31 -ABANK5=0560h-05FFh -ABANK6=0600h-06FFh \
  -ABANK7=0700h-07FFh -ABANK8=0800h-08FFh -ABANK9=0900h-09FFh \
  -ABANK10=0A00h-0AFFh -ABANK11=0B00h-0BFFh -ABANK12=0C00h-0CFFh \
  -ABANK13=0D00h-0DFFh -ABANK14=0E00h-0EFFh -ABANK15=0F00h-0FFFh \
  -ABANK16=01000h-010FFh -ABANK17=01100h-011FFh -ABANK18=01200h-012FFh \
  -ABANK19=01300h-013FFh -ABANK20=01400h-014FFh -ABANK21=01500h-015FFh \
  -ABANK22=01600h-016FFh -ABANK23=01700h-017FFh -ABANK24=01800h-018FFh \
  -ABANK25=01900h-019FFh -ABANK26=01A00h-01AFFh -ABANK27=01B00h-01BFFh \
  -ABANK28=01C00h-01CFFh -ABANK29=01D00h-01DFFh -ABANK30=01E00h-01EFFh \
  -ABANK31=01F00h-01FFFh -ABANK32=02000h-020FFh -ABANK33=02100h-021FFh \
  -ABANK34=02200h-022FFh -ABANK35=02300h-023FFh -ABANK36=02400h-024FFh \
  -ASFR=00h-0FFhx4,0400h-045Fh,0460h-04FFh,02500h-025FFh \
  -ABIGSFR=00h-04FFh,02500h-025FFh -ACONFIG=0300000h-0300011h \
  -AIDLOC=0200000h-020003Fh -AEEDATA=0380000h-03803FFh -peeprom_data=EEDATA \
  -preset_vec=00h -ppowerup=CODE,init -pramtop=02600h \
  -psmallconst=SMALLCONST -pmediumconst=MEDIUMCONST -pconst=CONST \
  -AFARRAM=00h-00h \
  -prdata=COMRAM,nvrram=COMRAM,nvbit=COMRAM,rbss=COMRAM,rbit=COMRAM \
  -pfarbss=FARRAM,fardata=FARRAM,nvFARRAM=FARRAM \
  -pintsave_regs=BIGRAM,bigbss=BIGRAM,bigdata=BIGRAM -pbss=RAM \
  -pidata=CODE,irdata=CODE,ibigdata=CODE,ifardata=CODE -prparam=COMRAM \
  dist/default/production\startup.o \
  dist/default/production\pwmblink.X.production.o 

Object code version is 3.11

Machine type is 18F57Q43



                Name                               Link     Load   Length Selector   Space Scale
dist/default/production\startup.o
                config                           300000   300000        A        0       4
                init                                 1A       1A        4        4       0
                reset_vec                             0        0        4        0       0
dist/default/production\pwmblink.X.production.o
                config                           300000   300000        A        0       4
                smallconst                         2600     2600        2     1300       0
                ivt0x8                                8        8       12        4       0
                text23                             2A24     2A24        2     1301       0
                text22                             2A22     2A22        2     1301       0
                text21                             2602     2602       A0     1301       0
                text20                             2A1C     2A1C        4     1301       0
                text19                             2A0E     2A0E        A     1301       0
                text18                             2A20     2A20        2     1301       0
                text17                             26A2     26A2       98     1301       0
                text16                             28FA     28FA       32     1301       0
                text15                             282C     282C       56     1301       0
                text14                             2A04     2A04        A     1301       0
                text13                             298E     298E       14     1301       0
                text12                             29F6     29F6        E     1301       0
                text11                             29E8     29E8        E     1301       0
                text10                             29DA     29DA        E     1301       0
                text9                              2882     2882       40     1301       0
                text8                              273A     273A       8C     1301       0
                text7                              29CC     29CC        E     1301       0
                text6                              29BE     29BE        E     1301       0
                text5                              29B0     29B0        E     1301       0
                text4                              27C6     27C6       66     1301       0
                text3                              2956     2956       22     1301       0
                text2                              2978     2978       16     1301       0
                text1                              29A2     29A2        E     1301       0
                text0                              292C     292C       2A     1301       0
                cstackCOMRAM                        516      516        9      501       1
                dataCOMRAM                          51F      51F        4      501       1
                bssCOMRAM                           523      523        2      501       1
                cinit                              28C2     28C2       38     1301       0
                nvCOMRAM                            501      501       15      501       1
                idataCOMRAM                        2A18     2A18        4     1301       0

TOTAL           Name                               Link     Load   Length     Space
        CLASS   CODE           
                init                                 1A       1A        4         0
                reset_vec                             0        0        4         0
                ivt0x8                                8        8       12         0
                text23                             2A24     2A24        2         0
                text22                             2A22     2A22        2         0
                text21                             2602     2602       A0         0
                text20                             2A1C     2A1C        4         0
                text19                             2A0E     2A0E        A         0
                text18                             2A20     2A20        2         0
                text17                             26A2     26A2       98         0
                text16                             28FA     28FA       32         0
                text15                             282C     282C       56         0
                text14                             2A04     2A04        A         0
                text13                             298E     298E       14         0
                text12                             29F6     29F6        E         0
                text11                             29E8     29E8        E         0
                text10                             29DA     29DA        E         0
                text9                              2882     2882       40         0
                text8                              273A     273A       8C         0
                text7                              29CC     29CC        E         0
                text6                              29BE     29BE        E         0
                text5                              29B0     29B0        E         0
                text4                              27C6     27C6       66         0
                text3                              2956     2956       22         0
                text2                              2978     2978       16         0
                text1                              29A2     29A2        E         0
                text0                              292C     292C       2A         0
                cinit                              28C2     28C2       38         0
                idataCOMRAM                        2A18     2A18        4         0

        CLASS   CONST          

        CLASS   SMALLCONST     
                smallconst                         2600     2600        2         0

        CLASS   MEDIUMCONST    

        CLASS   COMRAM         
                cstackCOMRAM                        516      516        9         1
                dataCOMRAM                          51F      51F        4         1
                bssCOMRAM                           523      523        2         1
                nvCOMRAM                            501      501       15         1

        CLASS   ABS1           

        CLASS   BIGRAM         

        CLASS   RAM            

        CLASS   BANK5          

        CLASS   BANK6          

        CLASS   BANK7          

        CLASS   BANK8          

        CLASS   BANK9          

        CLASS   BANK10         

        CLASS   BANK11         

        CLASS   BANK12         

        CLASS   BANK13         

        CLASS   BANK14         

        CLASS   BANK15         

        CLASS   BANK16         

        CLASS   BANK17         

        CLASS   BANK18         

        CLASS   BANK19         

        CLASS   BANK20         

        CLASS   BANK21         

        CLASS   BANK22         

        CLASS   BANK23         

        CLASS   BANK24         

        CLASS   BANK25         

        CLASS   BANK26         

        CLASS   BANK27         

        CLASS   BANK28         

        CLASS   BANK29         

        CLASS   BANK30         

        CLASS   BANK31         

        CLASS   BANK32         

        CLASS   BANK33         

        CLASS   BANK34         

        CLASS   BANK35         

        CLASS   BANK36         

        CLASS   SFR            

        CLASS   BIGSFR         

        CLASS   CONFIG         
                config                           300000   300000        A         4

        CLASS   IDLOC          

        CLASS   EEDATA         

        CLASS   FARRAM         

        CLASS   HEAP           

        CLASS   STACK          



SEGMENTS        Name                           Load    Length   Top    Selector   Space  Class

                reset_vec                      000000  000004  000004         0       0  CODE    
                ivt0x8                         000008  000016  00001E         4       0  CODE    
                nvCOMRAM                       000501  000024  000525       501       1  COMRAM  
                smallconst                     002600  000002  002602      1300       0  SMALLCON
                text21                         002602  000424  002A26      1301       0  CODE    


UNUSED ADDRESS RANGES

        Name                Unused          Largest block    Delta
        BANK10           000A00-000AFF              100
        BANK11           000B00-000BFF              100
        BANK12           000C00-000CFF              100
        BANK13           000D00-000DFF              100
        BANK14           000E00-000EFF              100
        BANK15           000F00-000FFF              100
        BANK16           001000-0010FF              100
        BANK17           001100-0011FF              100
        BANK18           001200-0012FF              100
        BANK19           001300-0013FF              100
        BANK20           001400-0014FF              100
        BANK21           001500-0015FF              100
        BANK22           001600-0016FF              100
        BANK23           001700-0017FF              100
        BANK24           001800-0018FF              100
        BANK25           001900-0019FF              100
        BANK26           001A00-001AFF              100
        BANK27           001B00-001BFF              100
        BANK28           001C00-001CFF              100
        BANK29           001D00-001DFF              100
        BANK30           001E00-001EFF              100
        BANK31           001F00-001FFF              100
        BANK32           002000-0020FF              100
        BANK33           002100-0021FF              100
        BANK34           002200-0022FF              100
        BANK35           002300-0023FF              100
        BANK36           002400-0024FF              100
        BANK5            000560-0005FF               A0
        BANK6            000600-0006FF              100
        BANK7            000700-0007FF              100
        BANK8            000800-0008FF              100
        BANK9            000900-0009FF              100
        BIGRAM           000525-0024FF             1FDB
        BIGSFR           000000-0004FF              500
                         002500-0025FF              100
        CODE             000004-000007                4
                         00001E-0025FF             25E2
                         002A26-01FFFF            1D5DA
        COMRAM           000525-00055F               3B
        CONFIG           30000A-300011                8
        CONST            000004-000007                4
                         00001E-0025FF             25E2
                         002A26-01FFFF            1D5DA
        EEDATA           380000-3803FF              400
        IDLOC            200000-20003F               40
        MEDIUMCONST      002A26-00FFFF             D5DA
                         012600-01FFFF             DA00
        RAM              000560-0024FF              100
        SFR              000000-0004FF              100
                         002500-0025FF              100
        SMALLCONST       002A26-01FFFF              100

                                  Symbol Table

INT0_SetInterruptHandler@InterruptHandler                     cstackCOMRAM 00051C
INT1_SetInterruptHandler@InterruptHandler                     cstackCOMRAM 00051C
INT2_SetInterruptHandler@InterruptHandler                     cstackCOMRAM 00051C
IVTBASEH                                                      (abs)        00045E
IVTBASEL                                                      (abs)        00045D
IVTBASEU                                                      (abs)        00045F
PWM1_16BIT_Period_SetInterruptHandler@InterruptHandler        cstackCOMRAM 00051C
PWM1_16BIT_SetSlice1Output1DutyCycleRegister@registerValue    cstackCOMRAM 000516
PWM1_16BIT_Slice1Output1_SetInterruptHandler@InterruptHandler cstackCOMRAM 00051C
PWM1_16BIT_Slice1Output2_SetInterruptHandler@InterruptHandler cstackCOMRAM 00051C
PWM1_16BIT_WritePeriodRegister@periodCount                    cstackCOMRAM 00051C
PWM_DutyCycleSetPercentage_Slice1@PWM_DytyCyclePercentage     cstackCOMRAM 000518
TMR0_PeriodMatchCallbackRegister@callbackHandler              cstackCOMRAM 00051C
_ACTCON                                                       (abs)        0000AC
_ANSELA                                                       (abs)        000400
_ANSELB                                                       (abs)        000408
_ANSELC                                                       (abs)        000410
_ANSELD                                                       (abs)        000418
_ANSELE                                                       (abs)        000420
_ANSELF                                                       (abs)        000428
_CLOCK_Initialize                                             text13       00298E
_INLVLA                                                       (abs)        000404
_INLVLB                                                       (abs)        00040C
_INLVLC                                                       (abs)        000414
_INLVLD                                                       (abs)        00041C
_INLVLE                                                       (abs)        000424
_INLVLF                                                       (abs)        00042C
_INT0_DefaultInterruptHandler                                 (abs)        000000
_INT0_InterruptHandler                                        nvCOMRAM     00050A
_INT0_SetInterruptHandler                                     text12       0029F6
_INT1_DefaultInterruptHandler                                 (abs)        000000
_INT1_InterruptHandler                                        nvCOMRAM     000507
_INT1_SetInterruptHandler                                     text11       0029E8
_INT2_DefaultInterruptHandler                                 (abs)        000000
_INT2_InterruptHandler                                        nvCOMRAM     000504
_INT2_SetInterruptHandler                                     text10       0029DA
_INTCON0bits                                                  (abs)        0004D6
_INTERRUPT_Initialize                                         text9        002882
_INTERRUPT_InterruptManager                                   text15       00282C
_IOCAF                                                        (abs)        000407
_IOCAN                                                        (abs)        000406
_IOCAP                                                        (abs)        000405
_IOCBF                                                        (abs)        00040F
_IOCBN                                                        (abs)        00040E
_IOCBP                                                        (abs)        00040D
_IOCCF                                                        (abs)        000417
_IOCCN                                                        (abs)        000416
_IOCCP                                                        (abs)        000415
_IOCEF                                                        (abs)        000427
_IOCEN                                                        (abs)        000426
_IOCEP                                                        (abs)        000425
_LATA                                                         (abs)        0004BE
_LATB                                                         (abs)        0004BF
_LATC                                                         (abs)        0004C0
_LATD                                                         (abs)        0004C1
_LATE                                                         (abs)        0004C2
_LATF                                                         (abs)        0004C3
_ODCONA                                                       (abs)        000402
_ODCONB                                                       (abs)        00040A
_ODCONC                                                       (abs)        000412
_ODCOND                                                       (abs)        00041A
_ODCONE                                                       (abs)        000422
_ODCONF                                                       (abs)        00042A
_OSCCON1                                                      (abs)        0000AD
_OSCCON3                                                      (abs)        0000AF
_OSCEN                                                        (abs)        0000B3
_OSCFRQ                                                       (abs)        0000B1
_OSCTUNE                                                      (abs)        0000B0
_PIE3bits                                                     (abs)        0004A1
_PIE4bits                                                     (abs)        0004A2
_PIN_MANAGER_Initialize                                       text8        00273A
_PIR10bits                                                    (abs)        0004B8
_PIR1bits                                                     (abs)        0004AF
_PIR3bits                                                     (abs)        0004B1
_PIR4bits                                                     (abs)        0004B2
_PIR6bits                                                     (abs)        0004B4
_PWM1CLK                                                      (abs)        000461
_PWM1CON                                                      (abs)        000469
_PWM1CONbits                                                  (abs)        000469
_PWM1CPRE                                                     (abs)        000465
_PWM1ERS                                                      (abs)        000460
_PWM1GIE                                                      (abs)        000468
_PWM1GIEbits                                                  (abs)        000468
_PWM1GIR                                                      (abs)        000467
_PWM1GIRbits                                                  (abs)        000467
_PWM1LDS                                                      (abs)        000462
_PWM1PIPOS                                                    (abs)        000466
_PWM1PRH                                                      (abs)        000464
_PWM1PRL                                                      (abs)        000463
_PWM1S1CFG                                                    (abs)        00046A
_PWM1S1P1H                                                    (abs)        00046C
_PWM1S1P1L                                                    (abs)        00046B
_PWM1S1P2H                                                    (abs)        00046E
_PWM1S1P2L                                                    (abs)        00046D
_PWM1_16BIT_Initialize                                        text4        0027C6
_PWM1_16BIT_LoadBufferRegisters                               text20       002A1C
_PWM1_16BIT_PWMI_ISR                                          text21       002602
_PWM1_16BIT_Period_DefaultInterruptHandler                    (abs)        000000
_PWM1_16BIT_Period_InterruptHandler                           nvCOMRAM     00050D
_PWM1_16BIT_Period_SetInterruptHandler                        text7        0029CC
_PWM1_16BIT_SetSlice1Output1DutyCycleRegister                 text19       002A0E
_PWM1_16BIT_Slice1Output1_DefaultInterruptHandler             text23       002A24
_PWM1_16BIT_Slice1Output1_InterruptHandler                    nvCOMRAM     000513
_PWM1_16BIT_Slice1Output1_SetInterruptHandler                 text6        0029BE
_PWM1_16BIT_Slice1Output2_DefaultInterruptHandler             text22       002A22
_PWM1_16BIT_Slice1Output2_InterruptHandler                    nvCOMRAM     000510
_PWM1_16BIT_Slice1Output2_SetInterruptHandler                 text5        0029B0
_PWM1_16BIT_WritePeriodRegister                               text14       002A04
_PWM_DutyCycleSetPercentage_Slice1                            text17       0026A2
_RB1I2C                                                       (abs)        000289
_RB2I2C                                                       (abs)        000288
_RC3I2C                                                       (abs)        000287
_RC4I2C                                                       (abs)        000286
_RF3PPS                                                       (abs)        00022C
_SLRCONA                                                      (abs)        000403
_SLRCONB                                                      (abs)        00040B
_SLRCONC                                                      (abs)        000413
_SLRCOND                                                      (abs)        00041B
_SLRCONE                                                      (abs)        000423
_SLRCONF                                                      (abs)        00042B
_SYSTEM_Initialize                                            text2        002978
_T0CON0                                                       (abs)        00031A
_T0CON0bits                                                   (abs)        00031A
_T0CON1                                                       (abs)        00031B
_TMR0H                                                        (abs)        000319
_TMR0L                                                        (abs)        000318
_TMR0_DefaultCallback                                         text18       002A20
_TMR0_ISR                                                     text16       0028FA
_TMR0_Initialize                                              text3        002956
_TMR0_PeriodMatchCallback                                     nvCOMRAM     000501
_TMR0_PeriodMatchCallbackRegister                             text1        0029A2
_TRISA                                                        (abs)        0004C6
_TRISB                                                        (abs)        0004C7
_TRISC                                                        (abs)        0004C8
_TRISD                                                        (abs)        0004C9
_TRISE                                                        (abs)        0004CA
_TRISF                                                        (abs)        0004CB
_WPUA                                                         (abs)        000401
_WPUB                                                         (abs)        000409
_WPUC                                                         (abs)        000411
_WPUD                                                         (abs)        000419
_WPUE                                                         (abs)        000421
_WPUF                                                         (abs)        000429
__HRAM                                                        (abs)        000000
__H__absolute__                                               __absolute__ 000000
__Habs1                                                       abs1         000000
__Hbank10                                                     bank10       000000
__Hbank11                                                     bank11       000000
__Hbank12                                                     bank12       000000
__Hbank13                                                     bank13       000000
__Hbank14                                                     bank14       000000
__Hbank15                                                     bank15       000000
__Hbank16                                                     bank16       000000
__Hbank17                                                     bank17       000000
__Hbank18                                                     bank18       000000
__Hbank19                                                     bank19       000000
__Hbank20                                                     bank20       000000
__Hbank21                                                     bank21       000000
__Hbank22                                                     bank22       000000
__Hbank23                                                     bank23       000000
__Hbank24                                                     bank24       000000
__Hbank25                                                     bank25       000000
__Hbank26                                                     bank26       000000
__Hbank27                                                     bank27       000000
__Hbank28                                                     bank28       000000
__Hbank29                                                     bank29       000000
__Hbank30                                                     bank30       000000
__Hbank31                                                     bank31       000000
__Hbank32                                                     bank32       000000
__Hbank33                                                     bank33       000000
__Hbank34                                                     bank34       000000
__Hbank35                                                     bank35       000000
__Hbank36                                                     bank36       000000
__Hbank5                                                      bank5        000000
__Hbank6                                                      bank6        000000
__Hbank7                                                      bank7        000000
__Hbank8                                                      bank8        000000
__Hbank9                                                      bank9        000000
__Hbigbss                                                     bigbss       000000
__Hbigdata                                                    bigdata      000000
__Hbigram                                                     bigram       000000
__Hbigsfr                                                     bigsfr       000000
__Hbss                                                        bss          000000
__HbssCOMRAM                                                  bssCOMRAM    000000
__Hcinit                                                      cinit        000000
__Hclrtext                                                    clrtext      000000
__Hcomram                                                     comram       000000
__Hconfig                                                     config       30000A
__Hconst                                                      const        000000
__HcstackCOMRAM                                               cstackCOMRAM 000000
__Hdata                                                       data         000000
__HdataCOMRAM                                                 dataCOMRAM   000000
__Heeprom_data                                                eeprom_data  000000
__Hfarbss                                                     farbss       000000
__Hfardata                                                    fardata      000000
__Hheap                                                       heap         000000
__Hibigdata                                                   ibigdata     000000
__Hidata                                                      idata        000000
__HidataCOMRAM                                                idataCOMRAM  000000
__Hidloc                                                      idloc        000000
__Hifardata                                                   ifardata     000000
__Hinit                                                       init         00001E
__Hintsave_regs                                               intsave_regs 000000
__Hirdata                                                     irdata       000000
__Hivt0x8                                                     ivt0x8       00001A
__Hmediumconst                                                mediumconst  000000
__HnvCOMRAM                                                   nvCOMRAM     000000
__HnvFARRAM                                                   nvFARRAM     000000
__Hnvbit                                                      nvbit        000000
__Hnvrram                                                     nvrram       000000
__Hparam                                                      rparam       000000
__Hpowerup                                                    powerup      000000
__Hram                                                        ram          000000
__Hramtop                                                     ramtop       002600
__Hrbit                                                       rbit         000000
__Hrbss                                                       rbss         000000
__Hrdata                                                      rdata        000000
__Hreset_vec                                                  reset_vec    000004
__Hrparam                                                     rparam       000000
__Hsfr                                                        sfr          000000
__Hsmallconst                                                 smallconst   002602
__Hspace_0                                                    (abs)        002A26
__Hspace_1                                                    (abs)        000525
__Hspace_2                                                    (abs)        000000
__Hspace_4                                                    (abs)        60000A
__Hstack                                                      stack        000000
__Hstruct                                                     struct       000000
__Htemp                                                       temp         000000
__Htext                                                       text         000000
__Htext0                                                      text0        000000
__Htext1                                                      text1        000000
__Htext10                                                     text10       000000
__Htext11                                                     text11       000000
__Htext12                                                     text12       000000
__Htext13                                                     text13       000000
__Htext14                                                     text14       000000
__Htext15                                                     text15       000000
__Htext16                                                     text16       000000
__Htext17                                                     text17       000000
__Htext18                                                     text18       000000
__Htext19                                                     text19       000000
__Htext2                                                      text2        000000
__Htext20                                                     text20       000000
__Htext21                                                     text21       000000
__Htext22                                                     text22       000000
__Htext23                                                     text23       000000
__Htext3                                                      text3        000000
__Htext4                                                      text4        000000
__Htext5                                                      text5        000000
__Htext6                                                      text6        000000
__Htext7                                                      text7        000000
__Htext8                                                      text8        000000
__Htext9                                                      text9        000000
__LRAM                                                        (abs)        000001
__L__absolute__                                               __absolute__ 000000
__Labs1                                                       abs1         000000
__Lbank10                                                     bank10       000000
__Lbank11                                                     bank11       000000
__Lbank12                                                     bank12       000000
__Lbank13                                                     bank13       000000
__Lbank14                                                     bank14       000000
__Lbank15                                                     bank15       000000
__Lbank16                                                     bank16       000000
__Lbank17                                                     bank17       000000
__Lbank18                                                     bank18       000000
__Lbank19                                                     bank19       000000
__Lbank20                                                     bank20       000000
__Lbank21                                                     bank21       000000
__Lbank22                                                     bank22       000000
__Lbank23                                                     bank23       000000
__Lbank24                                                     bank24       000000
__Lbank25                                                     bank25       000000
__Lbank26                                                     bank26       000000
__Lbank27                                                     bank27       000000
__Lbank28                                                     bank28       000000
__Lbank29                                                     bank29       000000
__Lbank30                                                     bank30       000000
__Lbank31                                                     bank31       000000
__Lbank32                                                     bank32       000000
__Lbank33                                                     bank33       000000
__Lbank34                                                     bank34       000000
__Lbank35                                                     bank35       000000
__Lbank36                                                     bank36       000000
__Lbank5                                                      bank5        000000
__Lbank6                                                      bank6        000000
__Lbank7                                                      bank7        000000
__Lbank8                                                      bank8        000000
__Lbank9                                                      bank9        000000
__Lbigbss                                                     bigbss       000000
__Lbigdata                                                    bigdata      000000
__Lbigram                                                     bigram       000000
__Lbigsfr                                                     bigsfr       000000
__Lbss                                                        bss          000000
__LbssCOMRAM                                                  bssCOMRAM    000000
__Lcinit                                                      cinit        000000
__Lclrtext                                                    clrtext      000000
__Lcomram                                                     comram       000000
__Lconfig                                                     config       000000
__Lconst                                                      const        000000
__LcstackCOMRAM                                               cstackCOMRAM 000000
__Ldata                                                       data         000000
__LdataCOMRAM                                                 dataCOMRAM   000000
__Leeprom_data                                                eeprom_data  000000
__Lfarbss                                                     farbss       000000
__Lfardata                                                    fardata      000000
__Lheap                                                       heap         000000
__Libigdata                                                   ibigdata     000000
__Lidata                                                      idata        000000
__LidataCOMRAM                                                idataCOMRAM  000000
__Lidloc                                                      idloc        000000
__Lifardata                                                   ifardata     000000
__Linit                                                       init         00001A
__Lintsave_regs                                               intsave_regs 000000
__Lirdata                                                     irdata       000000
__Livt0x8                                                     ivt0x8       000008
__Lmediumconst                                                mediumconst  000000
__LnvCOMRAM                                                   nvCOMRAM     000000
__LnvFARRAM                                                   nvFARRAM     000000
__Lnvbit                                                      nvbit        000000
__Lnvrram                                                     nvrram       000000
__Lparam                                                      rparam       000000
__Lpowerup                                                    powerup      000000
__Lram                                                        ram          000000
__Lramtop                                                     ramtop       002600
__Lrbit                                                       rbit         000000
__Lrbss                                                       rbss         000000
__Lrdata                                                      rdata        000000
__Lreset_vec                                                  reset_vec    000000
__Lrparam                                                     rparam       000000
__Lsfr                                                        sfr          000000
__Lsmallconst                                                 smallconst   002600
__Lspace_0                                                    (abs)        000000
__Lspace_1                                                    (abs)        000000
__Lspace_2                                                    (abs)        000000
__Lspace_4                                                    (abs)        000000
__Lstack                                                      stack        000000
__Lstruct                                                     struct       000000
__Ltemp                                                       temp         000000
__Ltext                                                       text         000000
__Ltext0                                                      text0        000000
__Ltext1                                                      text1        000000
__Ltext10                                                     text10       000000
__Ltext11                                                     text11       000000
__Ltext12                                                     text12       000000
__Ltext13                                                     text13       000000
__Ltext14                                                     text14       000000
__Ltext15                                                     text15       000000
__Ltext16                                                     text16       000000
__Ltext17                                                     text17       000000
__Ltext18                                                     text18       000000
__Ltext19                                                     text19       000000
__Ltext2                                                      text2        000000
__Ltext20                                                     text20       000000
__Ltext21                                                     text21       000000
__Ltext22                                                     text22       000000
__Ltext23                                                     text23       000000
__Ltext3                                                      text3        000000
__Ltext4                                                      text4        000000
__Ltext5                                                      text5        000000
__Ltext6                                                      text6        000000
__Ltext7                                                      text7        000000
__Ltext8                                                      text8        000000
__Ltext9                                                      text9        000000
__S0                                                          (abs)        002A26
__S1                                                          (abs)        000525
__S4                                                          (abs)        000000
__S5                                                          (abs)        000000
___heap_hi                                                    (abs)        000000
___heap_lo                                                    (abs)        000000
___inthi_sp                                                   stack        000000
___inthi_stack_hi                                             stack        000000
___inthi_stack_lo                                             stack        000000
___intlo_sp                                                   stack        000000
___intlo_stack_hi                                             stack        000000
___intlo_stack_lo                                             stack        000000
___param_bank                                                 (abs)        000000
___rparam_used                                                (abs)        000001
___sp                                                         stack        000000
___stack_hi                                                   stack        000000
___stack_lo                                                   stack        000000
__accesstop                                                   (abs)        000560
__activetblptr                                                (abs)        000003
__end_of_CLOCK_Initialize                                     text13       0029A2
__end_of_INT0_SetInterruptHandler                             text12       002A04
__end_of_INT1_SetInterruptHandler                             text11       0029F6
__end_of_INT2_SetInterruptHandler                             text10       0029E8
__end_of_INTERRUPT_Initialize                                 text9        0028C2
__end_of_INTERRUPT_InterruptManager                           text15       002882
__end_of_PIN_MANAGER_Initialize                               text8        0027C6
__end_of_PWM1_16BIT_Initialize                                text4        00282C
__end_of_PWM1_16BIT_LoadBufferRegisters                       text20       002A20
__end_of_PWM1_16BIT_PWMI_ISR                                  text21       0026A2
__end_of_PWM1_16BIT_Period_SetInterruptHandler                text7        0029DA
__end_of_PWM1_16BIT_SetSlice1Output1DutyCycleRegister         text19       002A18
__end_of_PWM1_16BIT_Slice1Output1_DefaultInterruptHandler     text23       002A26
__end_of_PWM1_16BIT_Slice1Output1_SetInterruptHandler         text6        0029CC
__end_of_PWM1_16BIT_Slice1Output2_DefaultInterruptHandler     text22       002A24
__end_of_PWM1_16BIT_Slice1Output2_SetInterruptHandler         text5        0029BE
__end_of_PWM1_16BIT_WritePeriodRegister                       text14       002A0E
__end_of_PWM_DutyCycleSetPercentage_Slice1                    text17       00273A
__end_of_SYSTEM_Initialize                                    text2        00298E
__end_of_TMR0_DefaultCallback                                 text18       002A22
__end_of_TMR0_ISR                                             text16       00292C
__end_of_TMR0_Initialize                                      text3        002978
__end_of_TMR0_PeriodMatchCallbackRegister                     text1        0029B0
__end_of__initialization                                      cinit        0028F4
__end_of_main                                                 text0        002956
__initialization                                              cinit        0028C2
__mediumconst                                                 mediumconst  000000
__pbssCOMRAM                                                  bssCOMRAM    000523
__pcinit                                                      cinit        0028C2
__pcstackCOMRAM                                               cstackCOMRAM 000516
__pdataCOMRAM                                                 dataCOMRAM   00051F
__pidataCOMRAM                                                idataCOMRAM  002A18
__pivt0x8                                                     ivt0x8       000008
__pnvCOMRAM                                                   nvCOMRAM     000501
__psmallconst                                                 smallconst   002600
__ptext0                                                      text0        00292C
__ptext1                                                      text1        0029A2
__ptext10                                                     text10       0029DA
__ptext11                                                     text11       0029E8
__ptext12                                                     text12       0029F6
__ptext13                                                     text13       00298E
__ptext14                                                     text14       002A04
__ptext15                                                     text15       00282C
__ptext16                                                     text16       0028FA
__ptext17                                                     text17       0026A2
__ptext18                                                     text18       002A20
__ptext19                                                     text19       002A0E
__ptext2                                                      text2        002978
__ptext20                                                     text20       002A1C
__ptext21                                                     text21       002602
__ptext22                                                     text22       002A22
__ptext23                                                     text23       002A24
__ptext3                                                      text3        002956
__ptext4                                                      text4        0027C6
__ptext5                                                      text5        0029B0
__ptext6                                                      text6        0029BE
__ptext7                                                      text7        0029CC
__ptext8                                                      text8        00273A
__ptext9                                                      text9        002882
__ramtop                                                      ramtop       002600
__smallconst                                                  smallconst   002600
_j                                                            dataCOMRAM   000521
_k                                                            bssCOMRAM    000523
_main                                                         text0        00292C
end_of_initialization                                         cinit        0028F4
intlevel0                                                     text         000000
intlevel1                                                     text         000000
intlevel2                                                     text         000000
intlevel3                                                     text         000000
isa$std                                                       (abs)        000001
isa$xinst                                                     (abs)        000000
ivt0x8_base                                                   ivt0x8       000008
stackhi                                                       (abs)        000000
stacklo                                                       (abs)        000000
start                                                         init         00001A
start_initialization                                          cinit        0028C2


MODULE INFORMATION

Module		Function		Class		Link	Load	Size
mcc_generated_files/system/src/interrupt.c
		_INT0_SetInterruptHandler		CODE           	29F6	0000	14
		_INT1_SetInterruptHandler		CODE           	29E8	0000	14
		_INT2_SetInterruptHandler		CODE           	29DA	0000	14
		_INTERRUPT_Initialize		CODE           	2882	0000	64
		_INTERRUPT_InterruptManager		CODE           	282C	0000	86

mcc_generated_files/system/src/interrupt.c estimated size: 192

mcc_generated_files/pwm/src/pwm1_16bit.c
		_PWM1_16BIT_Period_SetInterruptHandler		CODE           	29CC	0000	14
		_PWM1_16BIT_Slice1Output1_SetInterruptHandler		CODE           	29BE	0000	14
		_PWM1_16BIT_Slice1Output2_SetInterruptHandler		CODE           	29B0	0000	14
		_PWM1_16BIT_Initialize		CODE           	27C6	0000	102
		_PWM1_16BIT_LoadBufferRegisters		CODE           	2A1C	0000	4
		_PWM1_16BIT_PWMI_ISR		CODE           	2602	0000	160
		_PWM1_16BIT_SetSlice1Output1DutyCycleRegister		CODE           	2A0E	0000	10
		_PWM1_16BIT_Slice1Output1_DefaultInterruptHandler		CODE           	2A24	0000	2
		_PWM1_16BIT_Slice1Output2_DefaultInterruptHandler		CODE           	2A22	0000	2
		_PWM1_16BIT_WritePeriodRegister		CODE           	2A04	0000	10

mcc_generated_files/pwm/src/pwm1_16bit.c estimated size: 332

mcc_generated_files/system/src/pins.c
		_PIN_MANAGER_Initialize		CODE           	273A	0000	140

mcc_generated_files/system/src/pins.c estimated size: 140

shared
		__initialization		CODE           	28C2	0000	50

shared estimated size: 50

mcc_generated_files/system/src/clock.c
		_CLOCK_Initialize		CODE           	298E	0000	20

mcc_generated_files/system/src/clock.c estimated size: 20

mcc_generated_files/timer/src/tmr0.c
		_TMR0_DefaultCallback		CODE           	2A20	0000	2
		_TMR0_ISR      		CODE           	28FA	0000	50
		_TMR0_Initialize		CODE           	2956	0000	34
		_TMR0_PeriodMatchCallbackRegister		CODE           	29A2	0000	14

mcc_generated_files/timer/src/tmr0.c estimated size: 100

main.c
		_PWM_DutyCycleSetPercentage_Slice1		CODE           	26A2	0000	152
		_main          		CODE           	292C	0000	42

main.c estimated size: 194

mcc_generated_files/system/src/system.c
		_SYSTEM_Initialize		CODE           	2978	0000	22

mcc_generated_files/system/src/system.c estimated size: 22

